[INFO] Scanning for projects...
[INFO] 
[INFO] -----------------< com.epam.edp:java-maven-springboot >-----------------
[INFO] Building java-maven-springboot 0.0.1-SNAPSHOT
[INFO]   from pom.xml
[INFO] --------------------------------[ jar ]---------------------------------
[INFO] 
[INFO] >>> spring-boot:3.5.0:run (default-cli) > test-compile @ java-maven-springboot >>>
[INFO] 
[INFO] --- resources:3.3.1:resources (default-resources) @ java-maven-springboot ---
[INFO] Copying 1 resource from src\main\resources to target\classes
[INFO] Copying 0 resource from src\main\resources to target\classes
[INFO] 
[INFO] --- compiler:3.13.0:compile (default-compile) @ java-maven-springboot ---
[INFO] Nothing to compile - all classes are up to date.
[INFO] 
[INFO] --- resources:3.3.1:testResources (default-testResources) @ java-maven-springboot ---
[INFO] skip non existing resourceDirectory C:\Users\RohitKumarSrivastava\Desktop\Major Project\sprint1\src\test\resources
[INFO] 
[INFO] --- compiler:3.13.0:testCompile (default-testCompile) @ java-maven-springboot ---
[INFO] Recompiling the module because of changed source code.
[INFO] Compiling 2 source files with javac [debug parameters release 17] to target\test-classes
[INFO] 
[INFO] <<< spring-boot:3.5.0:run (default-cli) < test-compile @ java-maven-springboot <<<
[INFO] 
[INFO] 
[INFO] --- spring-boot:3.5.0:run (default-cli) @ java-maven-springboot ---
[INFO] Attaching agents: []

  .   ____          _            __ _ _
 /\\ / ___'_ __ _ _(_)_ __  __ _ \ \ \ \
( ( )\___ | '_ | '_| | '_ \/ _` | \ \ \ \
 \\/  ___)| |_)| | | | | || (_| |  ) ) ) )
  '  |____| .__|_| |_|_| |_\__, | / / / /
 =========|_|==============|___/=/_/_/_/

 :: Spring Boot ::                (v3.5.0)

2026-05-05T19:15:10.871+05:30  INFO 25420 --- [           main] com.epam.edp.demo.DemoApplication        : Starting DemoApplication using Java 17.0.18 with PID 25420 (C:\Users\RohitKumarSrivastava\Desktop\Major Project\sprint1\target\classes started by RohitKumarSrivastava in C:\Users\RohitKumarSrivastava\Desktop\Major Project\sprint1)
2026-05-05T19:15:10.873+05:30  INFO 25420 --- [           main] com.epam.edp.demo.DemoApplication        : No active profile set, falling back to 1 default profile: "default"
2026-05-05T19:15:11.335+05:30  INFO 25420 --- [           main] .s.d.r.c.RepositoryConfigurationDelegate : Bootstrapping Spring Data MongoDB repositories in DEFAULT mode.
2026-05-05T19:15:11.392+05:30  INFO 25420 --- [           main] .s.d.r.c.RepositoryConfigurationDelegate : Finished Spring Data repository scanning in 51 ms. Found 4 MongoDB repository interfaces.
2026-05-05T19:15:11.755+05:30  INFO 25420 --- [           main] o.s.b.w.embedded.tomcat.TomcatWebServer  : Tomcat initialized with port 8080 (http)
2026-05-05T19:15:11.765+05:30  INFO 25420 --- [           main] o.apache.catalina.core.StandardService   : Starting service [Tomcat]
2026-05-05T19:15:11.765+05:30  INFO 25420 --- [           main] o.apache.catalina.core.StandardEngine    : Starting Servlet engine: [Apache Tomcat/10.1.41]
2026-05-05T19:15:11.808+05:30  INFO 25420 --- [           main] o.a.c.c.C.[Tomcat].[localhost].[/]       : Initializing Spring embedded WebApplicationContext
2026-05-05T19:15:11.809+05:30  INFO 25420 --- [           main] w.s.c.ServletWebServerApplicationContext : Root WebApplicationContext: initialization completed in 880 ms
2026-05-05T19:15:11.963+05:30  INFO 25420 --- [           main] org.mongodb.driver.client                : MongoClient with metadata {"driver": {"name": "mongo-java-driver|sync|spring-boot", "version": "5.4.0"}, "os": {"type": "Windows", "name": "Windows 11", "architecture": "amd64", "version": "10.0"}, "platform": "Java/Eclipse Adoptium/17.0.18+8"} created with settings MongoClientSettings{readPreference=primary, writeConcern=WriteConcern{w=null, wTimeout=null ms, journal=null}, retryWrites=true, retryReads=true, readConcern=ReadConcern{level=null}, credential=null, transportSettings=null, commandListeners=[], codecRegistry=ProvidersCodecRegistry{codecProviders=[ValueCodecProvider{}, BsonValueCodecProvider{}, DBRefCodecProvider{}, DBObjectCodecProvider{}, DocumentCodecProvider{}, CollectionCodecProvider{}, IterableCodecProvider{}, MapCodecProvider{}, GeoJsonCodecProvider{}, GridFSFileCodecProvider{}, Jsr310CodecProvider{}, JsonObjectCodecProvider{}, BsonCodecProvider{}, EnumCodecProvider{}, com.mongodb.client.model.mql.ExpressionCodecProvider@10244722, com.mongodb.Jep395RecordCodecProvider@61615b4a, com.mongodb.KotlinCodecProvider@721d8ab5]}, loggerSettings=LoggerSettings{maxDocumentLength=1000}, clusterSettings={hosts=[localhost:27017], srvServiceName=mongodb, mode=SINGLE, requiredClusterType=UNKNOWN, requiredReplicaSetName='null', serverSelector='null', clusterListeners='[]', serverSelectionTimeout='30000 ms', localThreshold='15 ms'}, socketSettings=SocketSettings{connectTimeoutMS=10000, readTimeoutMS=0, receiveBufferSize=0, proxySettings=ProxySettings{host=null, port=null, username=null, password=null}}, heartbeatSocketSettings=SocketSettings{connectTimeoutMS=10000, readTimeoutMS=10000, receiveBufferSize=0, proxySettings=ProxySettings{host=null, port=null, username=null, password=null}}, connectionPoolSettings=ConnectionPoolSettings{maxSize=100, minSize=0, maxWaitTimeMS=120000, maxConnectionLifeTimeMS=0, maxConnectionIdleTimeMS=0, maintenanceInitialDelayMS=0, maintenanceFrequencyMS=60000, connectionPoolListeners=[], maxConnecting=2}, serverSettings=ServerSettings{heartbeatFrequencyMS=10000, minHeartbeatFrequencyMS=500, serverMonitoringMode=AUTO, serverListeners='[]', serverMonitorListeners='[]'}, sslSettings=SslSettings{enabled=false, invalidHostNameAllowed=false, context=null}, applicationName='null', compressorList=[], uuidRepresentation=JAVA_LEGACY, serverApi=null, autoEncryptionSettings=null, dnsClient=null, inetAddressResolver=null, contextProvider=null, timeoutMS=null}
2026-05-05T19:15:12.038+05:30  INFO 25420 --- [localhost:27017] org.mongodb.driver.cluster               : Monitor thread successfully connected to server with description ServerDescription{address=localhost:27017, type=STANDALONE, cryptd=false, state=CONNECTED, ok=true, minWireVersion=0, maxWireVersion=28, maxDocumentSize=16777216, logicalSessionTimeoutMinutes=30, roundTripTimeNanos=64423800, minRoundTripTimeNanos=0}
2026-05-05T19:15:12.061+05:30  WARN 25420 --- [           main] o.s.data.convert.CustomConversions       : Registering converter from interface java.util.List to interface org.springframework.data.domain.Vector as reading converter although it doesn't convert from a store-supported type; You might want to check your annotation setup at the converter implementation
2026-05-05T19:15:12.131+05:30  WARN 25420 --- [           main] o.s.data.convert.CustomConversions       : Registering converter from interface java.util.List to interface org.springframework.data.domain.Vector as reading converter although it doesn't convert from a store-supported type; You might want to check your annotation setup at the converter implementation
2026-05-05T19:15:12.311+05:30  WARN 25420 --- [           main] .s.s.UserDetailsServiceAutoConfiguration : 

Using generated security password: c6ea5e11-acf4-44a5-8647-c45d73b49525

This generated password is for development use only. Your security configuration must be updated before running your application in production.

2026-05-05T19:15:12.315+05:30  INFO 25420 --- [           main] r$InitializeUserDetailsManagerConfigurer : Global AuthenticationManager configured with UserDetailsService bean with name inMemoryUserDetailsManager
2026-05-05T19:15:12.633+05:30  INFO 25420 --- [           main] o.s.b.w.embedded.tomcat.TomcatWebServer  : Tomcat started on port 8080 (http) with context path '/'
2026-05-05T19:15:12.642+05:30  INFO 25420 --- [           main] com.epam.edp.demo.DemoApplication        : Started DemoApplication in 2.144 seconds (process running for 2.336)
2026-05-05T19:15:35.635+05:30  INFO 25420 --- [nio-8080-exec-1] o.a.c.c.C.[Tomcat].[localhost].[/]       : Initializing Spring DispatcherServlet 'dispatcherServlet'
2026-05-05T19:15:35.635+05:30  INFO 25420 --- [nio-8080-exec-1] o.s.web.servlet.DispatcherServlet        : Initializing Servlet 'dispatcherServlet'
2026-05-05T19:15:35.636+05:30  INFO 25420 --- [nio-8080-exec-1] o.s.web.servlet.DispatcherServlet        : Completed initialization in 1 ms
2026-05-05T19:15:35.740+05:30 DEBUG 25420 --- [nio-8080-exec-2] o.s.data.mongodb.core.MongoTemplate      : Executing count: { "$expr" : { "$lt" : ["$bookedCount", "$totalCapacity"]}} in collection: tours
2026-05-05T19:15:35.828+05:30 DEBUG 25420 --- [nio-8080-exec-2] o.s.data.mongodb.core.MongoTemplate      : find using query: { "$expr" : { "$lt" : ["$bookedCount", "$totalCapacity"]}} fields: Document{{}} sort: { "rating" : -1} for class: class com.epam.edp.demo.model.Tour in collection: tours
2026-05-05T19:18:12.450+05:30  INFO 25420 --- [ionShutdownHook] o.s.b.w.e.tomcat.GracefulShutdown        : Commencing graceful shutdown. Waiting for active requests to complete
2026-05-05T19:18:12.647+05:30  INFO 25420 --- [tomcat-shutdown] o.s.b.w.e.tomcat.GracefulShutdown        : Graceful shutdown complete
[INFO] ------------------------------------------------------------------------
[INFO] BUILD SUCCESS
[INFO] ------------------------------------------------------------------------
[INFO] Total time:  03:04 min
[INFO] Finished at: 2026-05-05T19:18:12+05:30
[INFO] ------------------------------------------------------------------------
Terminate batch job (Y/N)? 
^CTerminate batch job (Y/N)? 